[2026-07-21T18:11:18.674+0000] {taskinstance.py:1956} INFO - Dependencies all met for dep_context=non-requeueable deps ti=<TaskInstance: nifty_it_equity_pipeline.run_ingestion manual__2026-07-21T18:11:16.029872+00:00 [queued]>
[2026-07-21T18:11:18.682+0000] {taskinstance.py:1956} INFO - Dependencies all met for dep_context=requeueable deps ti=<TaskInstance: nifty_it_equity_pipeline.run_ingestion manual__2026-07-21T18:11:16.029872+00:00 [queued]>
[2026-07-21T18:11:18.682+0000] {taskinstance.py:2170} INFO - Starting attempt 1 of 2
[2026-07-21T18:11:18.696+0000] {taskinstance.py:2191} INFO - Executing <Task(BashOperator): run_ingestion> on 2026-07-21 18:11:16.029872+00:00
[2026-07-21T18:11:18.706+0000] {standard_task_runner.py:60} INFO - Started process 230 to run task
[2026-07-21T18:11:18.710+0000] {standard_task_runner.py:87} INFO - Running: ['***', 'tasks', 'run', 'nifty_it_equity_pipeline', 'run_ingestion', 'manual__2026-07-21T18:11:16.029872+00:00', '--job-id', '11', '--raw', '--subdir', 'DAGS_FOLDER/equity_pipeline_dag.py', '--cfg-path', '/tmp/tmpdse8o0no']
[2026-07-21T18:11:18.714+0000] {standard_task_runner.py:88} INFO - Job 11: Subtask run_ingestion
[2026-07-21T18:11:18.771+0000] {task_command.py:423} INFO - Running <TaskInstance: nifty_it_equity_pipeline.run_ingestion manual__2026-07-21T18:11:16.029872+00:00 [running]> on host b1a149467cdf
[2026-07-21T18:11:18.879+0000] {taskinstance.py:2480} INFO - Exporting env vars: AIRFLOW_CTX_DAG_OWNER='abhinav' AIRFLOW_CTX_DAG_ID='nifty_it_equity_pipeline' AIRFLOW_CTX_TASK_ID='run_ingestion' AIRFLOW_CTX_EXECUTION_DATE='2026-07-21T18:11:16.029872+00:00' AIRFLOW_CTX_TRY_NUMBER='1' AIRFLOW_CTX_DAG_RUN_ID='manual__2026-07-21T18:11:16.029872+00:00'
[2026-07-21T18:11:18.881+0000] {subprocess.py:63} INFO - Tmp dir root location: /tmp
[2026-07-21T18:11:18.883+0000] {subprocess.py:75} INFO - Running command: ['/usr/bin/bash', '-c', 'python /opt/***/scripts/ingest.py']
[2026-07-21T18:11:18.901+0000] {subprocess.py:86} INFO - Output:
[2026-07-21T18:11:20.611+0000] {subprocess.py:93} INFO - Traceback (most recent call last):
[2026-07-21T18:11:20.612+0000] {subprocess.py:93} INFO -   File "/opt/***/scripts/ingest.py", line 2, in <module>
[2026-07-21T18:11:20.612+0000] {subprocess.py:93} INFO -     import yfinance as yf
[2026-07-21T18:11:20.613+0000] {subprocess.py:93} INFO -   File "/home/***/.local/lib/python3.8/site-packages/yfinance/__init__.py", line 27, in <module>
[2026-07-21T18:11:20.613+0000] {subprocess.py:93} INFO -     from .tickers import Tickers
[2026-07-21T18:11:20.614+0000] {subprocess.py:93} INFO -   File "/home/***/.local/lib/python3.8/site-packages/yfinance/tickers.py", line 24, in <module>
[2026-07-21T18:11:20.614+0000] {subprocess.py:93} INFO -     from . import Ticker, multi
[2026-07-21T18:11:20.615+0000] {subprocess.py:93} INFO -   File "/home/***/.local/lib/python3.8/site-packages/yfinance/multi.py", line 29, in <module>
[2026-07-21T18:11:20.615+0000] {subprocess.py:93} INFO -     import multitasking as _multitasking
[2026-07-21T18:11:20.615+0000] {subprocess.py:93} INFO -   File "/home/***/.local/lib/python3.8/site-packages/multitasking/__init__.py", line 36, in <module>
[2026-07-21T18:11:20.616+0000] {subprocess.py:93} INFO -     class PoolConfig(TypedDict):
[2026-07-21T18:11:20.616+0000] {subprocess.py:93} INFO -   File "/home/***/.local/lib/python3.8/site-packages/multitasking/__init__.py", line 44, in PoolConfig
[2026-07-21T18:11:20.617+0000] {subprocess.py:93} INFO -     engine: Union[type[Thread], type[Process]]  # Execution engine
[2026-07-21T18:11:20.617+0000] {subprocess.py:93} INFO - TypeError: 'type' object is not subscriptable
[2026-07-21T18:11:20.803+0000] {subprocess.py:97} INFO - Command exited with return code 1
[2026-07-21T18:11:20.820+0000] {taskinstance.py:2698} ERROR - Task failed with exception
Traceback (most recent call last):
  File "/home/airflow/.local/lib/python3.8/site-packages/airflow/models/taskinstance.py", line 433, in _execute_task
    result = execute_callable(context=context, **execute_callable_kwargs)
  File "/home/airflow/.local/lib/python3.8/site-packages/airflow/operators/bash.py", line 212, in execute
    raise AirflowException(
airflow.exceptions.AirflowException: Bash command failed. The command returned a non-zero exit code 1.
[2026-07-21T18:11:20.830+0000] {taskinstance.py:1138} INFO - Marking task as UP_FOR_RETRY. dag_id=nifty_it_equity_pipeline, task_id=run_ingestion, execution_date=20260721T181116, start_date=20260721T181118, end_date=20260721T181120
[2026-07-21T18:11:20.846+0000] {standard_task_runner.py:107} ERROR - Failed to execute job 11 for task run_ingestion (Bash command failed. The command returned a non-zero exit code 1.; 230)
[2026-07-21T18:11:20.891+0000] {local_task_job_runner.py:234} INFO - Task exited with return code 1
[2026-07-21T18:11:20.927+0000] {taskinstance.py:3280} INFO - 0 downstream tasks scheduled from follow-on schedule check
