[2026-07-21T17:58:57.763+0000] {taskinstance.py:1956} INFO - Dependencies all met for dep_context=non-requeueable deps ti=<TaskInstance: nifty_it_equity_pipeline.run_ingestion scheduled__2026-07-17T23:00:00+00:00 [queued]>
[2026-07-21T17:58:57.770+0000] {taskinstance.py:1956} INFO - Dependencies all met for dep_context=requeueable deps ti=<TaskInstance: nifty_it_equity_pipeline.run_ingestion scheduled__2026-07-17T23:00:00+00:00 [queued]>
[2026-07-21T17:58:57.770+0000] {taskinstance.py:2170} INFO - Starting attempt 1 of 2
[2026-07-21T17:58:57.782+0000] {taskinstance.py:2191} INFO - Executing <Task(BashOperator): run_ingestion> on 2026-07-17 23:00:00+00:00
[2026-07-21T17:58:57.790+0000] {standard_task_runner.py:60} INFO - Started process 109 to run task
[2026-07-21T17:58:57.797+0000] {standard_task_runner.py:87} INFO - Running: ['***', 'tasks', 'run', 'nifty_it_equity_pipeline', 'run_ingestion', 'scheduled__2026-07-17T23:00:00+00:00', '--job-id', '3', '--raw', '--subdir', 'DAGS_FOLDER/equity_pipeline_dag.py', '--cfg-path', '/tmp/tmpem__a4l2']
[2026-07-21T17:58:57.816+0000] {standard_task_runner.py:88} INFO - Job 3: Subtask run_ingestion
[2026-07-21T17:58:57.947+0000] {task_command.py:423} INFO - Running <TaskInstance: nifty_it_equity_pipeline.run_ingestion scheduled__2026-07-17T23:00:00+00:00 [running]> on host c9996548e0c8
[2026-07-21T17:58:58.076+0000] {taskinstance.py:2480} INFO - Exporting env vars: AIRFLOW_CTX_DAG_OWNER='abhinav' AIRFLOW_CTX_DAG_ID='nifty_it_equity_pipeline' AIRFLOW_CTX_TASK_ID='run_ingestion' AIRFLOW_CTX_EXECUTION_DATE='2026-07-17T23:00:00+00:00' AIRFLOW_CTX_TRY_NUMBER='1' AIRFLOW_CTX_DAG_RUN_ID='scheduled__2026-07-17T23:00:00+00:00'
[2026-07-21T17:58:58.082+0000] {subprocess.py:63} INFO - Tmp dir root location: /tmp
[2026-07-21T17:58:58.083+0000] {subprocess.py:75} INFO - Running command: ['/usr/bin/bash', '-c', 'python /opt/***/scripts/ingest.py']
[2026-07-21T17:58:58.103+0000] {subprocess.py:86} INFO - Output:
[2026-07-21T17:58:58.175+0000] {subprocess.py:93} INFO - Traceback (most recent call last):
[2026-07-21T17:58:58.175+0000] {subprocess.py:93} INFO -   File "/opt/***/scripts/ingest.py", line 2, in <module>
[2026-07-21T17:58:58.176+0000] {subprocess.py:93} INFO -     import yfinance as yf
[2026-07-21T17:58:58.176+0000] {subprocess.py:93} INFO - ModuleNotFoundError: No module named 'yfinance'
[2026-07-21T17:58:58.177+0000] {subprocess.py:97} INFO - Command exited with return code 1
[2026-07-21T17:58:58.197+0000] {taskinstance.py:2698} ERROR - Task failed with exception
Traceback (most recent call last):
  File "/home/airflow/.local/lib/python3.8/site-packages/airflow/models/taskinstance.py", line 433, in _execute_task
    result = execute_callable(context=context, **execute_callable_kwargs)
  File "/home/airflow/.local/lib/python3.8/site-packages/airflow/operators/bash.py", line 212, in execute
    raise AirflowException(
airflow.exceptions.AirflowException: Bash command failed. The command returned a non-zero exit code 1.
[2026-07-21T17:58:58.201+0000] {taskinstance.py:1138} INFO - Marking task as UP_FOR_RETRY. dag_id=nifty_it_equity_pipeline, task_id=run_ingestion, execution_date=20260717T230000, start_date=20260721T175857, end_date=20260721T175858
[2026-07-21T17:58:58.220+0000] {standard_task_runner.py:107} ERROR - Failed to execute job 3 for task run_ingestion (Bash command failed. The command returned a non-zero exit code 1.; 109)
[2026-07-21T17:58:58.253+0000] {local_task_job_runner.py:234} INFO - Task exited with return code 1
[2026-07-21T17:58:58.276+0000] {taskinstance.py:3280} INFO - 0 downstream tasks scheduled from follow-on schedule check
