[2026-07-21T18:09:18.730+0000] {taskinstance.py:1956} INFO - Dependencies all met for dep_context=non-requeueable deps ti=<TaskInstance: nifty_it_equity_pipeline.run_ingestion manual__2026-07-21T18:03:56.255195+00:00 [queued]>
[2026-07-21T18:09:18.740+0000] {taskinstance.py:1956} INFO - Dependencies all met for dep_context=requeueable deps ti=<TaskInstance: nifty_it_equity_pipeline.run_ingestion manual__2026-07-21T18:03:56.255195+00:00 [queued]>
[2026-07-21T18:09:18.740+0000] {taskinstance.py:2170} INFO - Starting attempt 2 of 2
[2026-07-21T18:09:18.771+0000] {taskinstance.py:2191} INFO - Executing <Task(BashOperator): run_ingestion> on 2026-07-21 18:03:56.255195+00:00
[2026-07-21T18:09:18.781+0000] {standard_task_runner.py:60} INFO - Started process 155 to run task
[2026-07-21T18:09:18.788+0000] {standard_task_runner.py:87} INFO - Running: ['***', 'tasks', 'run', 'nifty_it_equity_pipeline', 'run_ingestion', 'manual__2026-07-21T18:03:56.255195+00:00', '--job-id', '10', '--raw', '--subdir', 'DAGS_FOLDER/equity_pipeline_dag.py', '--cfg-path', '/tmp/tmppo_n7rw1']
[2026-07-21T18:09:18.808+0000] {standard_task_runner.py:88} INFO - Job 10: Subtask run_ingestion
[2026-07-21T18:09:19.000+0000] {task_command.py:423} INFO - Running <TaskInstance: nifty_it_equity_pipeline.run_ingestion manual__2026-07-21T18:03:56.255195+00:00 [running]> on host b1a149467cdf
[2026-07-21T18:09:19.219+0000] {taskinstance.py:2480} INFO - Exporting env vars: AIRFLOW_CTX_DAG_OWNER='abhinav' AIRFLOW_CTX_DAG_ID='nifty_it_equity_pipeline' AIRFLOW_CTX_TASK_ID='run_ingestion' AIRFLOW_CTX_EXECUTION_DATE='2026-07-21T18:03:56.255195+00:00' AIRFLOW_CTX_TRY_NUMBER='2' AIRFLOW_CTX_DAG_RUN_ID='manual__2026-07-21T18:03:56.255195+00:00'
[2026-07-21T18:09:19.225+0000] {subprocess.py:63} INFO - Tmp dir root location: /tmp
[2026-07-21T18:09:19.226+0000] {subprocess.py:75} INFO - Running command: ['/usr/bin/bash', '-c', 'python /opt/***/scripts/ingest.py']
[2026-07-21T18:09:19.249+0000] {subprocess.py:86} INFO - Output:
[2026-07-21T18:09:20.886+0000] {subprocess.py:93} INFO - Traceback (most recent call last):
[2026-07-21T18:09:20.887+0000] {subprocess.py:93} INFO -   File "/opt/***/scripts/ingest.py", line 2, in <module>
[2026-07-21T18:09:20.887+0000] {subprocess.py:93} INFO -     import yfinance as yf
[2026-07-21T18:09:20.888+0000] {subprocess.py:93} INFO -   File "/home/***/.local/lib/python3.8/site-packages/yfinance/__init__.py", line 27, in <module>
[2026-07-21T18:09:20.888+0000] {subprocess.py:93} INFO -     from .tickers import Tickers
[2026-07-21T18:09:20.889+0000] {subprocess.py:93} INFO -   File "/home/***/.local/lib/python3.8/site-packages/yfinance/tickers.py", line 24, in <module>
[2026-07-21T18:09:20.889+0000] {subprocess.py:93} INFO -     from . import Ticker, multi
[2026-07-21T18:09:20.889+0000] {subprocess.py:93} INFO -   File "/home/***/.local/lib/python3.8/site-packages/yfinance/multi.py", line 29, in <module>
[2026-07-21T18:09:20.890+0000] {subprocess.py:93} INFO -     import multitasking as _multitasking
[2026-07-21T18:09:20.890+0000] {subprocess.py:93} INFO -   File "/home/***/.local/lib/python3.8/site-packages/multitasking/__init__.py", line 36, in <module>
[2026-07-21T18:09:20.891+0000] {subprocess.py:93} INFO -     class PoolConfig(TypedDict):
[2026-07-21T18:09:20.891+0000] {subprocess.py:93} INFO -   File "/home/***/.local/lib/python3.8/site-packages/multitasking/__init__.py", line 44, in PoolConfig
[2026-07-21T18:09:20.892+0000] {subprocess.py:93} INFO -     engine: Union[type[Thread], type[Process]]  # Execution engine
[2026-07-21T18:09:20.892+0000] {subprocess.py:93} INFO - TypeError: 'type' object is not subscriptable
[2026-07-21T18:09:21.053+0000] {subprocess.py:97} INFO - Command exited with return code 1
[2026-07-21T18:09:21.066+0000] {taskinstance.py:2698} ERROR - Task failed with exception
Traceback (most recent call last):
  File "/home/airflow/.local/lib/python3.8/site-packages/airflow/models/taskinstance.py", line 433, in _execute_task
    result = execute_callable(context=context, **execute_callable_kwargs)
  File "/home/airflow/.local/lib/python3.8/site-packages/airflow/operators/bash.py", line 212, in execute
    raise AirflowException(
airflow.exceptions.AirflowException: Bash command failed. The command returned a non-zero exit code 1.
[2026-07-21T18:09:21.070+0000] {taskinstance.py:1138} INFO - Marking task as FAILED. dag_id=nifty_it_equity_pipeline, task_id=run_ingestion, execution_date=20260721T180356, start_date=20260721T180918, end_date=20260721T180921
[2026-07-21T18:09:21.084+0000] {standard_task_runner.py:107} ERROR - Failed to execute job 10 for task run_ingestion (Bash command failed. The command returned a non-zero exit code 1.; 155)
[2026-07-21T18:09:21.134+0000] {local_task_job_runner.py:234} INFO - Task exited with return code 1
[2026-07-21T18:09:21.158+0000] {taskinstance.py:3280} INFO - 0 downstream tasks scheduled from follow-on schedule check
