[2026-07-21T18:03:58.467+0000] {taskinstance.py:1956} INFO - Dependencies all met for dep_context=non-requeueable deps ti=<TaskInstance: nifty_it_equity_pipeline.run_ingestion manual__2026-07-21T18:03:56.255195+00:00 [queued]>
[2026-07-21T18:03:58.474+0000] {taskinstance.py:1956} INFO - Dependencies all met for dep_context=requeueable deps ti=<TaskInstance: nifty_it_equity_pipeline.run_ingestion manual__2026-07-21T18:03:56.255195+00:00 [queued]>
[2026-07-21T18:03:58.475+0000] {taskinstance.py:2170} INFO - Starting attempt 1 of 2
[2026-07-21T18:03:58.488+0000] {taskinstance.py:2191} INFO - Executing <Task(BashOperator): run_ingestion> on 2026-07-21 18:03:56.255195+00:00
[2026-07-21T18:03:58.496+0000] {standard_task_runner.py:60} INFO - Started process 193 to run task
[2026-07-21T18:03:58.500+0000] {standard_task_runner.py:87} INFO - Running: ['***', 'tasks', 'run', 'nifty_it_equity_pipeline', 'run_ingestion', 'manual__2026-07-21T18:03:56.255195+00:00', '--job-id', '5', '--raw', '--subdir', 'DAGS_FOLDER/equity_pipeline_dag.py', '--cfg-path', '/tmp/tmpona32vjn']
[2026-07-21T18:03:58.503+0000] {standard_task_runner.py:88} INFO - Job 5: Subtask run_ingestion
[2026-07-21T18:03:58.551+0000] {task_command.py:423} INFO - Running <TaskInstance: nifty_it_equity_pipeline.run_ingestion manual__2026-07-21T18:03:56.255195+00:00 [running]> on host c9996548e0c8
[2026-07-21T18:03:58.626+0000] {taskinstance.py:2480} INFO - Exporting env vars: AIRFLOW_CTX_DAG_OWNER='abhinav' AIRFLOW_CTX_DAG_ID='nifty_it_equity_pipeline' AIRFLOW_CTX_TASK_ID='run_ingestion' AIRFLOW_CTX_EXECUTION_DATE='2026-07-21T18:03:56.255195+00:00' AIRFLOW_CTX_TRY_NUMBER='1' AIRFLOW_CTX_DAG_RUN_ID='manual__2026-07-21T18:03:56.255195+00:00'
[2026-07-21T18:03:58.629+0000] {subprocess.py:63} INFO - Tmp dir root location: /tmp
[2026-07-21T18:03:58.631+0000] {subprocess.py:75} INFO - Running command: ['/usr/bin/bash', '-c', 'python /opt/***/scripts/ingest.py']
[2026-07-21T18:03:58.649+0000] {subprocess.py:86} INFO - Output:
[2026-07-21T18:03:58.715+0000] {subprocess.py:93} INFO - Traceback (most recent call last):
[2026-07-21T18:03:58.716+0000] {subprocess.py:93} INFO -   File "/opt/***/scripts/ingest.py", line 2, in <module>
[2026-07-21T18:03:58.716+0000] {subprocess.py:93} INFO -     import yfinance as yf
[2026-07-21T18:03:58.717+0000] {subprocess.py:93} INFO - ModuleNotFoundError: No module named 'yfinance'
[2026-07-21T18:03:58.718+0000] {subprocess.py:97} INFO - Command exited with return code 1
[2026-07-21T18:03:58.733+0000] {taskinstance.py:2698} ERROR - Task failed with exception
Traceback (most recent call last):
  File "/home/airflow/.local/lib/python3.8/site-packages/airflow/models/taskinstance.py", line 433, in _execute_task
    result = execute_callable(context=context, **execute_callable_kwargs)
  File "/home/airflow/.local/lib/python3.8/site-packages/airflow/operators/bash.py", line 212, in execute
    raise AirflowException(
airflow.exceptions.AirflowException: Bash command failed. The command returned a non-zero exit code 1.
[2026-07-21T18:03:58.738+0000] {taskinstance.py:1138} INFO - Marking task as UP_FOR_RETRY. dag_id=nifty_it_equity_pipeline, task_id=run_ingestion, execution_date=20260721T180356, start_date=20260721T180358, end_date=20260721T180358
[2026-07-21T18:03:58.756+0000] {standard_task_runner.py:107} ERROR - Failed to execute job 5 for task run_ingestion (Bash command failed. The command returned a non-zero exit code 1.; 193)
[2026-07-21T18:03:58.792+0000] {local_task_job_runner.py:234} INFO - Task exited with return code 1
[2026-07-21T18:03:58.818+0000] {taskinstance.py:3280} INFO - 0 downstream tasks scheduled from follow-on schedule check
